// Jest Snapshot v1, https://goo.gl/fbAQLP

exports[`<WelcomePage /> renders correctly 1`] = `
Array [
  <header
    className="MuiPaper-root-202 MuiPaper-elevation4-208 MuiAppBar-root-194 MuiAppBar-positionFixed-195 MuiAppBar-colorPrimary-200 mui-fixed"
>
    <div
        className="MuiToolbar-root-229 MuiToolbar-gutters-230"
    >
        <h2
            className="MuiTypography-root-231 MuiTypography-title-237 MuiTypography-colorInherit-250"
            style={
                Object {
                    "flex": 1,
                  }
            }
        >
            DogeCodes React Chat
        </h2>
    </div>
</header>,
  <div
    className="MuiGrid-typeContainer-255 MuiGrid-spacing-xs-16-277 MuiGrid-justify-xs-center-272"
>
    <div
        className="MuiGrid-typeItem-256"
    >
        <div
            className="MuiPaper-root-202 MuiPaper-elevation10-214 MuiPaper-rounded-203 WelcomePage-paper-192"
        >
            <header
                className="MuiPaper-root-202 MuiPaper-elevation4-208 MuiAppBar-root-194 MuiAppBar-positionStatic-198 MuiAppBar-colorDefault-199"
            >
                <div
                    className="MuiTabs-root-345"
                >
                    <div
                        className="MuiTabs-flexContainer-346"
                    >
                        <div
                            className="MuiTabs-scroller-347 MuiTabs-fixed-348"
                            onScroll={[Function]}
                            role="tablist"
                            style={
                                Object {
                                    "marginBottom": 0,
                                  }
                            }
                        >
                            <div
                                className="MuiTabs-flexContainer-346"
                            >
                                <button
                                    aria-selected={true}
                                    className="MuiButtonBase-root-370 MuiTab-root-354 MuiTab-textColorInherit-356 MuiTab-textColorInheritSelected-363 MuiTab-fullWidth-365"
                                    disabled={false}
                                    onBlur={[Function]}
                                    onClick={[Function]}
                                    onFocus={[Function]}
                                    onKeyDown={[Function]}
                                    onKeyUp={[Function]}
                                    onMouseDown={[Function]}
                                    onMouseLeave={[Function]}
                                    onMouseUp={[Function]}
                                    onTouchEnd={[Function]}
                                    onTouchMove={[Function]}
                                    onTouchStart={[Function]}
                                    role="tab"
                                    style={undefined}
                                    tabIndex="0"
                                    type="button"
                                >
                                    <span
                                        className="MuiTab-wrapper-366"
                                    >
                                        <span
                                            className="MuiTab-labelContainer-367"
                                        >
                                            <span
                                                className="MuiTab-label-368"
                                            >
                                                Login
                                            </span>
                                        </span>
                                    </span>
                                    <span
                                        className="MuiTouchRipple-root-376"
                                    />
                                </button>
                                <button
                                    aria-selected={false}
                                    className="MuiButtonBase-root-370 MuiTab-root-354 MuiTab-textColorInherit-356 MuiTab-fullWidth-365"
                                    disabled={false}
                                    onBlur={[Function]}
                                    onClick={[Function]}
                                    onFocus={[Function]}
                                    onKeyDown={[Function]}
                                    onKeyUp={[Function]}
                                    onMouseDown={[Function]}
                                    onMouseLeave={[Function]}
                                    onMouseUp={[Function]}
                                    onTouchEnd={[Function]}
                                    onTouchMove={[Function]}
                                    onTouchStart={[Function]}
                                    role="tab"
                                    style={undefined}
                                    tabIndex="0"
                                    type="button"
                                >
                                    <span
                                        className="MuiTab-wrapper-366"
                                    >
                                        <span
                                            className="MuiTab-labelContainer-367"
                                        >
                                            <span
                                                className="MuiTab-label-368"
                                            >
                                                Signup
                                            </span>
                                        </span>
                                    </span>
                                    <span
                                        className="MuiTouchRipple-root-376"
                                    />
                                </button>
                            </div>
                            <span
                                className="MuiTabIndicator-root-373 MuiTabIndicator-colorSecondary-375 MuiTabs-indicator-353"
                                style={
                                    Object {
                                        "left": 0,
                                        "width": 0,
                                      }
                                }
                            />
                        </div>
                    </div>
                </div>
            </header>
            <div
                className="WelcomePage-tabContent-193"
            >
                LoginForm
            </div>
        </div>
    </div>
</div>,
]
`;
